
math/float/math16/lm16/c/sccz80/acos
math/float/math16/lm16/c/sccz80/acos_fastcall
math/float/math16/lm16/c/sccz80/asin
math/float/math16/lm16/c/sccz80/asin_fastcall
math/float/math16/lm16/c/sccz80/atan
math/float/math16/lm16/c/sccz80/atan_fastcall
math/float/math16/lm16/c/sccz80/ceil
math/float/math16/lm16/c/sccz80/cos
math/float/math16/lm16/c/sccz80/cos_fastcall
math/float/math16/lm16/c/sccz80/div2
math/float/math16/lm16/c/sccz80/exp
math/float/math16/lm16/c/sccz80/exp2
math/float/math16/lm16/c/sccz80/exp2_fastcall
math/float/math16/lm16/c/sccz80/exp10
math/float/math16/lm16/c/sccz80/exp10_fastcall
math/float/math16/lm16/c/sccz80/exp_fastcall
math/float/math16/lm16/c/sccz80/floor
math/float/math16/lm16/c/sccz80/fma
math/float/math16/lm16/c/sccz80/fma_callee
math/float/math16/lm16/c/sccz80/frexp
math/float/math16/lm16/c/sccz80/frexp_callee
math/float/math16/lm16/c/sccz80/hypot
math/float/math16/lm16/c/sccz80/hypot_callee
math/float/math16/lm16/c/sccz80/invsqrt
math/float/math16/lm16/c/sccz80/invsqrt_fastcall
math/float/math16/lm16/c/sccz80/ldexp
math/float/math16/lm16/c/sccz80/ldexp_callee
math/float/math16/lm16/c/sccz80/log
math/float/math16/lm16/c/sccz80/log2
math/float/math16/lm16/c/sccz80/log2_fastcall
math/float/math16/lm16/c/sccz80/log10
math/float/math16/lm16/c/sccz80/log10_fastcall
math/float/math16/lm16/c/sccz80/log_fastcall
math/float/math16/lm16/c/sccz80/mul2
math/float/math16/lm16/c/sccz80/mul10
math/float/math16/lm16/c/sccz80/poly
math/float/math16/lm16/c/sccz80/poly_callee
math/float/math16/lm16/c/sccz80/pow
math/float/math16/lm16/c/sccz80/pow_callee
math/float/math16/lm16/c/sccz80/sin
math/float/math16/lm16/c/sccz80/sin_fastcall
math/float/math16/lm16/c/sccz80/sqrt
math/float/math16/lm16/c/sccz80/sqrt_fastcall
math/float/math16/lm16/c/sccz80/tan
math/float/math16/lm16/c/sccz80/tan_fastcall

math/float/math16/lm16/c/sccz80/l_f16_add
math/float/math16/lm16/c/sccz80/l_f16_conv_float
math/float/math16/lm16/c/sccz80/l_f16_conv_int
math/float/math16/lm16/c/sccz80/l_f16_conv_long
math/float/math16/lm16/c/sccz80/l_f16_div
math/float/math16/lm16/c/sccz80/l_f16_eq
math/float/math16/lm16/c/sccz80/l_f16_fabs
math/float/math16/lm16/c/sccz80/l_f16_ge
math/float/math16/lm16/c/sccz80/l_f16_gt
math/float/math16/lm16/c/sccz80/l_f16_inv
math/float/math16/lm16/c/sccz80/l_f16_ldexp
math/float/math16/lm16/c/sccz80/l_f16_le
math/float/math16/lm16/c/sccz80/l_f16_lt
math/float/math16/lm16/c/sccz80/l_f16_mul
math/float/math16/lm16/c/sccz80/l_f16_ne
math/float/math16/lm16/c/sccz80/l_f16_neg
math/float/math16/lm16/c/sccz80/l_f16_sub
math/float/math16/lm16/c/sccz80/l_f16_swap
math/float/math16/lm16/c/sccz80/l_f16_zero
