math/float/math16/lm16/c/sdcc/abs
math/float/math16/lm16/c/sdcc/abs_fastcall
math/float/math16/lm16/c/sdcc/acos
math/float/math16/lm16/c/sdcc/acos_fastcall
math/float/math16/lm16/c/sdcc/asin
math/float/math16/lm16/c/sdcc/asin_fastcall
math/float/math16/lm16/c/sdcc/atan
math/float/math16/lm16/c/sdcc/atan_fastcall
math/float/math16/lm16/c/sdcc/ceil
math/float/math16/lm16/c/sdcc/ceil_fastcall
math/float/math16/lm16/c/sdcc/convert
math/float/math16/lm16/c/sdcc/convert_fastcall
math/float/math16/lm16/c/sdcc/cos
math/float/math16/lm16/c/sdcc/cos_fastcall
math/float/math16/lm16/c/sdcc/div2
math/float/math16/lm16/c/sdcc/div2_fastcall
math/float/math16/lm16/c/sdcc/exp
math/float/math16/lm16/c/sdcc/exp2
math/float/math16/lm16/c/sdcc/exp2_fastcall
math/float/math16/lm16/c/sdcc/exp10
math/float/math16/lm16/c/sdcc/exp10_fastcall
math/float/math16/lm16/c/sdcc/exp_fastcall
math/float/math16/lm16/c/sdcc/floor
math/float/math16/lm16/c/sdcc/floor_fastcall
math/float/math16/lm16/c/sdcc/fma
math/float/math16/lm16/c/sdcc/fma_callee
math/float/math16/lm16/c/sdcc/frexp
math/float/math16/lm16/c/sdcc/frexp_callee
math/float/math16/lm16/c/sdcc/hypot
math/float/math16/lm16/c/sdcc/hypot_callee
math/float/math16/lm16/c/sdcc/inv
math/float/math16/lm16/c/sdcc/inv_fastcall
math/float/math16/lm16/c/sdcc/invsqrt
math/float/math16/lm16/c/sdcc/invsqrt_fastcall
math/float/math16/lm16/c/sdcc/ldexp
math/float/math16/lm16/c/sdcc/ldexp_callee
math/float/math16/lm16/c/sdcc/log
math/float/math16/lm16/c/sdcc/log2
math/float/math16/lm16/c/sdcc/log2_fastcall
math/float/math16/lm16/c/sdcc/log10
math/float/math16/lm16/c/sdcc/log10_fastcall
math/float/math16/lm16/c/sdcc/log_fastcall
math/float/math16/lm16/c/sdcc/mul2
math/float/math16/lm16/c/sdcc/mul2_fastcall
math/float/math16/lm16/c/sdcc/mul10
math/float/math16/lm16/c/sdcc/mul10_fastcall
math/float/math16/lm16/c/sdcc/neg
math/float/math16/lm16/c/sdcc/neg_fastcall
math/float/math16/lm16/c/sdcc/poly
math/float/math16/lm16/c/sdcc/poly_callee
math/float/math16/lm16/c/sdcc/pow
math/float/math16/lm16/c/sdcc/pow_callee
math/float/math16/lm16/c/sdcc/sin
math/float/math16/lm16/c/sdcc/sin_fastcall
math/float/math16/lm16/c/sdcc/sqrt
math/float/math16/lm16/c/sdcc/sqrt_fastcall
math/float/math16/lm16/c/sdcc/tan
math/float/math16/lm16/c/sdcc/tan_fastcall

math/float/math16/lm16/c/sdcc/___h2schar
math/float/math16/lm16/c/sdcc/___h2schar_callee
math/float/math16/lm16/c/sdcc/___h2sint
math/float/math16/lm16/c/sdcc/___h2sint_callee
math/float/math16/lm16/c/sdcc/___h2slong
math/float/math16/lm16/c/sdcc/___h2slong_callee
math/float/math16/lm16/c/sdcc/___h2uchar
math/float/math16/lm16/c/sdcc/___h2uchar_callee
math/float/math16/lm16/c/sdcc/___h2uint
math/float/math16/lm16/c/sdcc/___h2uint_callee
math/float/math16/lm16/c/sdcc/___h2ulong
math/float/math16/lm16/c/sdcc/___h2ulong_callee
math/float/math16/lm16/c/sdcc/___hadd
math/float/math16/lm16/c/sdcc/___hadd_callee
math/float/math16/lm16/c/sdcc/___hdiv
math/float/math16/lm16/c/sdcc/___hdiv_callee
math/float/math16/lm16/c/sdcc/___heq_callee
math/float/math16/lm16/c/sdcc/___hgt_callee
math/float/math16/lm16/c/sdcc/___hlt_callee
math/float/math16/lm16/c/sdcc/___hmul
math/float/math16/lm16/c/sdcc/___hmul_callee
math/float/math16/lm16/c/sdcc/___hneq_callee
math/float/math16/lm16/c/sdcc/___hsub
math/float/math16/lm16/c/sdcc/___hsub_callee
math/float/math16/lm16/c/sdcc/___schar2h
math/float/math16/lm16/c/sdcc/___schar2h_callee
math/float/math16/lm16/c/sdcc/___sint2h
math/float/math16/lm16/c/sdcc/___sint2h_callee
math/float/math16/lm16/c/sdcc/___slong2h
math/float/math16/lm16/c/sdcc/___slong2h_callee
math/float/math16/lm16/c/sdcc/___uchar2h
math/float/math16/lm16/c/sdcc/___uchar2h_callee
math/float/math16/lm16/c/sdcc/___uint2h
math/float/math16/lm16/c/sdcc/___uint2h_callee
math/float/math16/lm16/c/sdcc/___ulong2h
math/float/math16/lm16/c/sdcc/___ulong2h_callee
