games/obj/${TARGET}/joystick
games/obj/${TARGET}/bit_click
games/obj/${TARGET}/bit_play
games/obj/${TARGET}/buzzer_play
games/obj/${TARGET}/synth_play
games/obj/${TARGET}/synth_phase
games/obj/${TARGET}/psg_play
games/obj/${TARGET}/bit_fx
games/obj/${TARGET}/bit_fx2
games/obj/${TARGET}/bit_fx3
games/obj/${TARGET}/bit_fx4
games/obj/${TARGET}/bit_fx5
games/obj/${TARGET}/bit_fx6
games/obj/${TARGET}/bit_fx7
games/obj/${TARGET}/bit_synth
games/obj/${TARGET}/bit_frequency
games/obj/${TARGET}/beeper
games/obj/${TARGET}/bit_beep
games/obj/${TARGET}/bit_beep_callee
games/obj/${TARGET}/patch_beeper
games/obj/${TARGET}/patch_beep
games/obj/${TARGET}/patch_beep_callee
games/obj/${TARGET}/noise
games/obj/${TARGET}/bit_noise
games/obj/${TARGET}/bit_noise_callee
games/obj/${TARGET}/__bit_irqstatus
games/obj/${TARGET}/__snd_tick
games/obj/${TARGET}/bit_open
games/obj/${TARGET}/bit_open_di
games/obj/${TARGET}/bit_close
games/obj/${TARGET}/bit_close_ei
games/obj/${TARGET}/joystick_type
games/obj/${TARGET}/joystick_sc
games/obj/${TARGET}/kjoystick
games/obj/${TARGET}/joystick_inkey
