math/float/am9511/lam32/z80/asm_acosf
math/float/am9511/lam32/z80/asm_asinf
math/float/am9511/lam32/z80/asm_atanf
math/float/am9511/lam32/z80/asm_ceilf
math/float/am9511/lam32/z80/asm_cosf
math/float/am9511/lam32/z80/asm_dadd
math/float/am9511/lam32/z80/asm_derror_edom_infc
math/float/am9511/lam32/z80/asm_derror_edom_zc
math/float/am9511/lam32/z80/asm_derror_einval_zc
math/float/am9511/lam32/z80/asm_derror_erange_infc
math/float/am9511/lam32/z80/asm_derror_nanc
math/float/am9511/lam32/z80/asm_derror_nannc
math/float/am9511/lam32/z80/asm_derror_onc
math/float/am9511/lam32/z80/asm_derror_pinfnc
math/float/am9511/lam32/z80/asm_derror_zc
math/float/am9511/lam32/z80/asm_derror_znc
math/float/am9511/lam32/z80/asm_dhexpop
math/float/am9511/lam32/z80/asm_dmul
math/float/am9511/lam32/z80/asm_dmul10u
math/float/am9511/lam32/z80/asm_dmulpow2
math/float/am9511/lam32/z80/asm_dmulpow10
math/float/am9511/lam32/z80/asm_dneg
math/float/am9511/lam32/z80/asm_double8u
math/float/am9511/lam32/z80/asm_double16u
math/float/am9511/lam32/z80/asm_double32u
math/float/am9511/lam32/z80/asm__dtoa_base10
math/float/am9511/lam32/z80/asm__dtoa_base16
math/float/am9511/lam32/z80/asm__dtoa_digits
math/float/am9511/lam32/z80/asm__dtoa_sgnabs
math/float/am9511/lam32/z80/asm_fabsf
math/float/am9511/lam32/z80/asm_fadd
math/float/am9511/lam32/z80/asm_fdiv
math/float/am9511/lam32/z80/asm_fdiv2
math/float/am9511/lam32/z80/asm_floorf
math/float/am9511/lam32/z80/asm_fmul
math/float/am9511/lam32/z80/asm_fmul2
math/float/am9511/lam32/z80/asm_fmul10u
math/float/am9511/lam32/z80/asm_fpclassifyf
math/float/am9511/lam32/z80/asm_fsub
math/float/am9511/lam32/z80/asm_hypotf
math/float/am9511/lam32/z80/asm_nan_b
math/float/am9511/lam32/z80/asm_negf
math/float/am9511/lam32/z80/asm_sigdigf
math/float/am9511/lam32/z80/asm_sinf
math/float/am9511/lam32/z80/asm_sqrf
math/float/am9511/lam32/z80/asm_sqrtf
math/float/am9511/lam32/z80/asm_tanf
math/float/am9511/lam32/z80/asm_zerof
