math/float/am9511/c/sccz80/cam32_sccz80_acos
math/float/am9511/c/sccz80/cam32_sccz80_acosh
math/float/am9511/c/sccz80/cam32_sccz80_asin
math/float/am9511/c/sccz80/cam32_sccz80_asinh
math/float/am9511/c/sccz80/cam32_sccz80_atan
math/float/am9511/c/sccz80/cam32_sccz80_atan2
math/float/am9511/c/sccz80/cam32_sccz80_atan2_callee
math/float/am9511/c/sccz80/cam32_sccz80_atanh
math/float/am9511/c/sccz80/cam32_sccz80_ceil
math/float/am9511/c/sccz80/cam32_sccz80_cos
math/float/am9511/c/sccz80/cam32_sccz80_cosh
math/float/am9511/c/sccz80/cam32_sccz80_dload
math/float/am9511/c/sccz80/cam32_sccz80_dloadb
math/float/am9511/c/sccz80/cam32_sccz80_exp
math/float/am9511/c/sccz80/cam32_sccz80_exp2
math/float/am9511/c/sccz80/cam32_sccz80_exp10
math/float/am9511/c/sccz80/cam32_sccz80_fabs
math/float/am9511/c/sccz80/cam32_sccz80_fadd
math/float/am9511/c/sccz80/cam32_sccz80_fadd_callee
math/float/am9511/c/sccz80/cam32_sccz80_fam9511
math/float/am9511/c/sccz80/cam32_sccz80_fdiv
math/float/am9511/c/sccz80/cam32_sccz80_fdiv2
math/float/am9511/c/sccz80/cam32_sccz80_fdiv_callee
math/float/am9511/c/sccz80/cam32_sccz80_floor
math/float/am9511/c/sccz80/cam32_sccz80_fmax
math/float/am9511/c/sccz80/cam32_sccz80_fmax_callee
math/float/am9511/c/sccz80/cam32_sccz80_fmin
math/float/am9511/c/sccz80/cam32_sccz80_fmin_callee
math/float/am9511/c/sccz80/cam32_sccz80_fmod
math/float/am9511/c/sccz80/cam32_sccz80_fmod_callee
math/float/am9511/c/sccz80/cam32_sccz80_fmul
math/float/am9511/c/sccz80/cam32_sccz80_fmul2
math/float/am9511/c/sccz80/cam32_sccz80_fmul10u
math/float/am9511/c/sccz80/cam32_sccz80_fmul_callee
math/float/am9511/c/sccz80/cam32_sccz80_fpclassify
math/float/am9511/c/sccz80/cam32_sccz80_frexp
math/float/am9511/c/sccz80/cam32_sccz80_frexp_callee
math/float/am9511/c/sccz80/cam32_sccz80_fsub
math/float/am9511/c/sccz80/cam32_sccz80_fsub_callee
math/float/am9511/c/sccz80/cam32_sccz80_hypot
math/float/am9511/c/sccz80/cam32_sccz80_hypot_callee
math/float/am9511/c/sccz80/cam32_sccz80_ldexp
math/float/am9511/c/sccz80/cam32_sccz80_ldexp_callee
math/float/am9511/c/sccz80/cam32_sccz80_ldiv_callee
math/float/am9511/c/sccz80/cam32_sccz80_ldiv_u_callee
math/float/am9511/c/sccz80/cam32_sccz80_lmod_callee
math/float/am9511/c/sccz80/cam32_sccz80_lmod_u_callee
math/float/am9511/c/sccz80/cam32_sccz80_lmul_callee
math/float/am9511/c/sccz80/cam32_sccz80_load
math/float/am9511/c/sccz80/cam32_sccz80_log
math/float/am9511/c/sccz80/cam32_sccz80_log2
math/float/am9511/c/sccz80/cam32_sccz80_log10
math/float/am9511/c/sccz80/cam32_sccz80_modf
math/float/am9511/c/sccz80/cam32_sccz80_modf_callee
math/float/am9511/c/sccz80/cam32_sccz80_neg
math/float/am9511/c/sccz80/cam32_sccz80_pow
math/float/am9511/c/sccz80/cam32_sccz80_pow_callee
math/float/am9511/c/sccz80/cam32_sccz80_read
math/float/am9511/c/sccz80/cam32_sccz80_read_callee
math/float/am9511/c/sccz80/cam32_sccz80_round
math/float/am9511/c/sccz80/cam32_sccz80_sin
math/float/am9511/c/sccz80/cam32_sccz80_sinh
math/float/am9511/c/sccz80/cam32_sccz80_sqr
math/float/am9511/c/sccz80/cam32_sccz80_sqrt
math/float/am9511/c/sccz80/cam32_sccz80_switch_arg
math/float/am9511/c/sccz80/cam32_sccz80_tan
math/float/am9511/c/sccz80/cam32_sccz80_tanh
math/float/am9511/c/sccz80/cam32_sccz80_zero
