math/float/am9511/z80/am32_acos
math/float/am9511/z80/am32_am9511
math/float/am9511/z80/am32_asin
math/float/am9511/z80/am32_atan
math/float/am9511/z80/am32_ceil
math/float/am9511/z80/am32_compare
math/float/am9511/z80/am32_const
math/float/am9511/z80/am32_conv
math/float/am9511/z80/am32_cos
math/float/am9511/z80/am32_discardfraction
math/float/am9511/z80/am32__dtoa_base10
math/float/am9511/z80/am32__dtoa_base16
math/float/am9511/z80/am32__dtoa_digits
math/float/am9511/z80/am32__dtoa_sgnabs
math/float/am9511/z80/am32_error
math/float/am9511/z80/am32_exp
math/float/am9511/z80/am32_f2long
math/float/am9511/z80/am32_fabs
math/float/am9511/z80/am32_fadd
math/float/am9511/z80/am32_fdiv
math/float/am9511/z80/am32_fdiv2
math/float/am9511/z80/am32_floor
math/float/am9511/z80/am32_fmul
math/float/am9511/z80/am32_fmul2
math/float/am9511/z80/am32_fmul10u
math/float/am9511/z80/am32_fpclassify
math/float/am9511/z80/am32_frexp
math/float/am9511/z80/am32_fsub
math/float/am9511/z80/am32_hexpop
math/float/am9511/z80/am32_hypot
math/float/am9511/z80/am32_idiv
math/float/am9511/z80/am32_imod
math/float/am9511/z80/am32_imul
math/float/am9511/z80/am32_inv
math/float/am9511/z80/am32_ladd
math/float/am9511/z80/am32_ldexp
math/float/am9511/z80/am32_ldiv
math/float/am9511/z80/am32_lmod
math/float/am9511/z80/am32_lmul
math/float/am9511/z80/am32_log
math/float/am9511/z80/am32_log10
math/float/am9511/z80/am32_lsub
math/float/am9511/z80/am32_nan_b
math/float/am9511/z80/am32_popf
math/float/am9511/z80/am32_popi
math/float/am9511/z80/am32_popl
math/float/am9511/z80/am32_pow
math/float/am9511/z80/am32_pushf
math/float/am9511/z80/am32_pushi
math/float/am9511/z80/am32_pushl
math/float/am9511/z80/am32_sigdig
math/float/am9511/z80/am32_sin
math/float/am9511/z80/am32_sqr
math/float/am9511/z80/am32_sqrt
math/float/am9511/z80/am32_tan
math/float/am9511/z80/am32_util

@math/float/am9511/z80/am32_stack/am32_stack.lst

@math/float/am9511/am9511_c_asm.lst
