l/sccz80/crt0_z80/getarg
l/sccz80/crt0_z80/l_and
l/sccz80/crt0_z80/l_asl
l/sccz80/crt0_z80/l_asr
l/sccz80/crt0_z80/l_asr_u
l/sccz80/crt0_z80/l_bcneg
l/sccz80/crt0_z80/l_bool
l/sccz80/crt0_z80/l_case
l/sccz80/crt0_z80/l_cm_bc
l/sccz80/crt0_z80/l_cm_de
l/sccz80/crt0_z80/l_cmp
l/sccz80/crt0_z80/l_com
l/sccz80/crt0_z80/l_compare_result
l/sccz80/crt0_z80/l_deneg
l/sccz80/crt0_z80/l_div
l/sccz80/crt0_z80/l_div_u
l/sccz80/crt0_z80/l_eq
l/sccz80/crt0_z80/l_g2charspsp
l/sccz80/crt0_z80/l_g2intspsp
l/sccz80/crt0_z80/l_gchar
l/sccz80/crt0_z80/l_gcharsp
l/sccz80/crt0_z80/l_gcharspsp
l/sccz80/crt0_z80/l_ge
l/sccz80/crt0_z80/l_getptr
l/sccz80/crt0_z80/l_ghtonsint
l/sccz80/crt0_z80/l_gint
l/sccz80/crt0_z80/l_gint_eq
l/sccz80/crt0_z80/l_gint7de
l/sccz80/crt0_z80/l_gintsp2de
l/sccz80/crt0_z80/l_gintsp
l/sccz80/crt0_z80/l_gintspchar
l/sccz80/crt0_z80/l_gintspsp
l/sccz80/crt0_z80/l_glong
l/sccz80/crt0_z80/l_glong2sp
l/sccz80/crt0_z80/l_glonghlp
l/sccz80/crt0_z80/l_glongsp
l/sccz80/crt0_z80/l_gt
l/sccz80/crt0_z80/l_le
l/sccz80/crt0_z80/l_lneg
l/sccz80/crt0_z80/l_lt
l/sccz80/crt0_z80/l_mul
l/sccz80/crt0_z80/l_ne
l/sccz80/crt0_z80/l_neg
l/sccz80/crt0_z80/l_or
l/sccz80/crt0_z80/l_pint
l/sccz80/crt0_z80/l_pint_eq
l/sccz80/crt0_z80/l_pint_ex
l/sccz80/crt0_z80/l_pint_pop
l/sccz80/crt0_z80/l_plong
l/sccz80/crt0_z80/l_pop_ei
l/sccz80/crt0_z80/l_push_di
l/sccz80/crt0_z80/l_putptr
l/sccz80/crt0_z80/l_sub
l/sccz80/crt0_z80/l_sxt
l/sccz80/crt0_z80/l_ucmp
l/sccz80/crt0_z80/l_uge
l/sccz80/crt0_z80/l_ugt
l/sccz80/crt0_z80/l_ule
l/sccz80/crt0_z80/l_ult
l/sccz80/crt0_z80/l_xor
l/sccz80/crt0_long_z80/int2long_s
l/sccz80/crt0_long_z80/int2long_s_float
l/sccz80/crt0_long_z80/int2long_u_float
l/sccz80/crt0_long_z80/l_declong
l/sccz80/crt0_long_z80/l_inclong
l/sccz80/crt0_long_z80/l_long_add
l/sccz80/crt0_long_z80/l_long_and
l/sccz80/crt0_long_z80/l_long_asl
l/sccz80/crt0_long_z80/l_long_aslo
l/sccz80/crt0_long_z80/l_long_asr
l/sccz80/crt0_long_z80/l_long_asr_u
l/sccz80/crt0_long_z80/l_long_asr_uo
l/sccz80/crt0_long_z80/l_long_asro
l/sccz80/crt0_long_z80/l_long_bool
l/sccz80/crt0_long_z80/l_long_case
l/sccz80/crt0_long_z80/l_long_cmp
l/sccz80/crt0_long_z80/l_long_com
l/sccz80/crt0_long_z80/l_long_dec
l/sccz80/crt0_long_z80/l_long_div
l/sccz80/crt0_long_z80/l_long_div_u
l/sccz80/crt0_long_z80/l_long_eq
l/sccz80/crt0_long_z80/l_long_ge
l/sccz80/crt0_long_z80/l_long_gt
l/sccz80/crt0_long_z80/l_long_inc
l/sccz80/crt0_long_z80/l_long_le
l/sccz80/crt0_long_z80/l_long_lneg
l/sccz80/crt0_long_z80/l_long_lt
l/sccz80/crt0_long_z80/l_long_mult
l/sccz80/crt0_long_z80/l_long_ne
l/sccz80/crt0_long_z80/l_long_neg
l/sccz80/crt0_long_z80/l_long_or
l/sccz80/crt0_long_z80/l_long_sub
l/sccz80/crt0_long_z80/l_long_ucmp
l/sccz80/crt0_long_z80/l_long_uge
l/sccz80/crt0_long_z80/l_long_ugt
l/sccz80/crt0_long_z80/l_long_ule
l/sccz80/crt0_long_z80/l_long_ult
l/sccz80/crt0_long_z80/l_long_xor
l/sccz80/crt0_long_z80/lpush2
l/sccz80/crt0_longlong_z80/__i64_acc
l/sccz80/crt0_longlong_z80/l_i64_add
l/sccz80/crt0_longlong_z80/l_i64_and
l/sccz80/crt0_longlong_z80/l_i64_asl
l/sccz80/crt0_longlong_z80/l_i64_asr
l/sccz80/crt0_longlong_z80/l_i64_asr_u
l/sccz80/crt0_longlong_z80/l_i64_case
l/sccz80/crt0_longlong_z80/l_i64_cmp
l/sccz80/crt0_longlong_z80/l_i64_com
l/sccz80/crt0_longlong_z80/l_i64_dec
l/sccz80/crt0_longlong_z80/l_i64_div
l/sccz80/crt0_longlong_z80/l_i64_div_u
l/sccz80/crt0_longlong_z80/l_i64_eq
l/sccz80/crt0_longlong_z80/l_i64_eq0
l/sccz80/crt0_longlong_z80/l_i64_ge
l/sccz80/crt0_longlong_z80/l_i64_gt
l/sccz80/crt0_longlong_z80/l_i64_inc
l/sccz80/crt0_longlong_z80/l_i64_le
l/sccz80/crt0_longlong_z80/l_i64_lneg
l/sccz80/crt0_longlong_z80/l_i64_load
l/sccz80/crt0_longlong_z80/l_i64_lt
l/sccz80/crt0_longlong_z80/l_i64_mod
l/sccz80/crt0_longlong_z80/l_i64_mod_u
l/sccz80/crt0_longlong_z80/l_i64_mult
l/sccz80/crt0_longlong_z80/l_i64_ne
l/sccz80/crt0_longlong_z80/l_i64_neg
l/sccz80/crt0_longlong_z80/l_i64_or
l/sccz80/crt0_longlong_z80/l_i64_pop
l/sccz80/crt0_longlong_z80/l_i64_push
l/sccz80/crt0_longlong_z80/l_i64_push_under_int
l/sccz80/crt0_longlong_z80/l_i64_sint2i64
l/sccz80/crt0_longlong_z80/l_i64_store
l/sccz80/crt0_longlong_z80/l_i64_sub
l/sccz80/crt0_longlong_z80/l_i64_ucmp
l/sccz80/crt0_longlong_z80/l_i64_uge
l/sccz80/crt0_longlong_z80/l_i64_ugt
l/sccz80/crt0_longlong_z80/l_i64_uint2i64
l/sccz80/crt0_longlong_z80/l_i64_ule
l/sccz80/crt0_longlong_z80/l_i64_ult
l/sccz80/crt0_longlong_z80/l_i64_xor
