../_DEVELOPMENT/l/sccz80/crt0_gbz80/**.asm
../_DEVELOPMENT/l/sccz80/crt0_long_gbz80/**.asm


../_DEVELOPMENT/l/sccz80/crt0_8080/crt0_variables
../_DEVELOPMENT/l/sccz80/crt0_8080/crt_variables_math
../_DEVELOPMENT/l/sccz80/crt0_8080/l_cmpbcde
../_DEVELOPMENT/l/sccz80/crt0_8080/l_eq
../_DEVELOPMENT/l/sccz80/crt0_long_8080/l_long_add
../_DEVELOPMENT/l/sccz80/crt0_long_8080/l_long_and
../_DEVELOPMENT/l/sccz80/crt0_long_8080/l_long_asl
../_DEVELOPMENT/l/sccz80/crt0_long_8080/l_long_asr
../_DEVELOPMENT/l/sccz80/crt0_long_8080/l_long_asr_u
../_DEVELOPMENT/l/sccz80/crt0_long_8080/l_long_cmp
../_DEVELOPMENT/l/sccz80/crt0_long_8080/l_long_eq
../_DEVELOPMENT/l/sccz80/crt0_long_8080/l_long_ne
../_DEVELOPMENT/l/sccz80/crt0_long_8080/l_long_or
../_DEVELOPMENT/l/sccz80/crt0_long_8080/l_long_sub
../_DEVELOPMENT/l/sccz80/crt0_long_8080/l_long_ucmp
../_DEVELOPMENT/l/sccz80/crt0_long_8080/l_long_xor
../_DEVELOPMENT/l/sccz80/crt0_8080/l_ne
../_DEVELOPMENT/l/sccz80/crt0_8080/l_sub
../_DEVELOPMENT/l/sccz80/crt0_long_8080/l_long_mod
../_DEVELOPMENT/l/sccz80/crt0_long_8080/l_long_mod_u
../_DEVELOPMENT/l/sccz80/crt0_long_8080/l_long_div
../_DEVELOPMENT/l/sccz80/crt0_long_8080/l_long_div_u
../_DEVELOPMENT/l/sccz80/crt0_long_8080/l_long_divide


sccz80/crt0_z80/getarg
sccz80/crt0_z80/htons
sccz80/crt0_z80/l_and
sccz80/crt0_z80/l_bcneg
sccz80/crt0_z80/l_bool
sccz80/crt0_z80/l_cmp
sccz80/crt0_z80/l_cm_bc
sccz80/crt0_z80/l_cm_de
sccz80/crt0_z80/l_com
sccz80/crt0_z80/l_compare_result
sccz80/crt0_z80/l_deneg
sccz80/crt0_z80/l_div
sccz80/crt0_z80/l_div_u
sccz80/crt0_z80/l_gchar
sccz80/crt0_z80/l_gcharsp
sccz80/crt0_z80/l_ge
sccz80/crt0_z80/l_gint
sccz80/crt0_z80/l_gint7de
sccz80/crt0_z80/l_gintsp
sccz80/crt0_z80/l_gintspchar
sccz80/crt0_z80/l_gint_eq
sccz80/crt0_z80/l_ghtonsint
sccz80/crt0_z80/l_gt
sccz80/crt0_z80/l_jphl
sccz80/crt0_z80/l_le
sccz80/crt0_z80/l_lneg
sccz80/crt0_z80/l_lt
sccz80/crt0_z80/l_neg
sccz80/crt0_z80/l_or
sccz80/crt0_z80/l_pint
sccz80/crt0_z80/l_pint_eq
sccz80/crt0_z80/l_pint_pop
sccz80/crt0_z80/l_plong
sccz80/crt0_z80/l_putptr
sccz80/crt0_z80/l_setmem
sccz80/crt0_z80/l_sxt
sccz80/crt0_z80/l_uge
sccz80/crt0_z80/l_ucmp
sccz80/crt0_z80/l_ugt
sccz80/crt0_z80/l_ule
sccz80/crt0_z80/l_ult
sccz80/crt0_z80/l_xor
sccz80/crt0_z80/htonl
sccz80/crt0_z80/int2long_s
sccz80/crt0_z80/int2long_s_float
sccz80/crt0_z80/int2long_u_float
sccz80/crt0_long_z80/l_declong
sccz80/crt0_long_z80/l_inclong
sccz80/crt0_long_z80/l_long_bool
sccz80/crt0_long_z80/l_long_case
sccz80/crt0_long_z80/l_long_com
sccz80/crt0_long_z80/l_long_dec
sccz80/crt0_long_z80/l_long_ge
sccz80/crt0_long_z80/l_long_gt
sccz80/crt0_long_z80/l_long_inc
sccz80/crt0_long_z80/l_long_le
sccz80/crt0_long_z80/l_long_lneg
sccz80/crt0_long_z80/l_long_lt
sccz80/crt0_long_z80/l_long_neg
sccz80/crt0_long_z80/l_long_uge
sccz80/crt0_long_z80/l_long_ugt
sccz80/crt0_long_z80/l_long_ule
sccz80/crt0_long_z80/l_long_ult
sccz80/crt0_z80/__atof2
sccz80/crt0_z80/dload
sccz80/crt0_z80/extra
sccz80/crt0_z80/fa
sccz80/crt0_z80/fasign
sccz80/crt0_z80/fp_seed
sccz80/crt0_z80/l_push_di
sccz80/crt0_z80/l_pop_ei
sccz80/crt0_z80/l_graphics_cmp
sdcc/z80/__convert_sdccf2reg
@newlib-gbz80.lst
../_DEVELOPMENT/l/sdcc/___sdcc_call_hl
../_DEVELOPMENT/l/sdcc/gbz80/*
