math/float/math16/z80/asm_f16_zero
math/float/math16/z80/asm_f16_inf
math/float/math16/z80/asm_f16_nan
math/float/math16/z80/asm_f16_neg
math/float/math16/z80/asm_f16_abs

math/float/math16/z80/asm_f16_f32
math/float/math16/z80/asm_f16_f48

math/float/math16/z80/asm_f16_f24_int
math/float/math16/z80/asm_f16_f24_long
math/float/math16/z80/asm_f16_int_f24
math/float/math16/z80/asm_f16_long_f24

math/float/math16/z80/asm_f16_normalize

math/float/math16/z80/asm_f16_add
math/float/math16/z80/asm_f16_mul
math/float/math16/z80/asm_f16_div

math/float/math16/z80/asm_f16_discardfraction
math/float/math16/z80/asm_f16_floor
math/float/math16/z80/asm_f16_ceil
math/float/math16/z80/asm_f16_classify
math/float/math16/z80/asm_f16_compare
math/float/math16/z80/asm_f16_sigdig

math/float/math16/z80/asm_f16_div2
math/float/math16/z80/asm_f16_mul2
math/float/math16/z80/asm_f16_mul10
math/float/math16/z80/asm_f16_frexp
math/float/math16/z80/asm_f16_ldexp

math/float/math16/z80/asm_f16_sqrt
math/float/math16/z80/asm_f16_poly

math/float/math16/z80/coeff_f16_atan
math/float/math16/z80/coeff_f16_exp2
math/float/math16/z80/coeff_f16_exp10
math/float/math16/z80/coeff_f16_exp
math/float/math16/z80/coeff_f16_log
math/float/math16/z80/coeff_f16_sin

@math/float/math16/math16_c_asm.lst
