
math/float/math16/c/sdcc/cm16_sdcc_abs
math/float/math16/c/sdcc/cm16_sdcc_add
math/float/math16/c/sdcc/cm16_sdcc_add_callee
math/float/math16/c/sdcc/cm16_sdcc_ceil
math/float/math16/c/sdcc/cm16_sdcc_classify
math/float/math16/c/sdcc/cm16_sdcc_div
math/float/math16/c/sdcc/cm16_sdcc_div2
math/float/math16/c/sdcc/cm16_sdcc_div_callee
math/float/math16/c/sdcc/cm16_sdcc_fma
math/float/math16/c/sdcc/cm16_sdcc_fma_callee
math/float/math16/c/sdcc/cm16_sdcc_floor
math/float/math16/c/sdcc/cm16_sdcc_frexp
math/float/math16/c/sdcc/cm16_sdcc_frexp_callee
math/float/math16/c/sdcc/cm16_sdcc_hypot
math/float/math16/c/sdcc/cm16_sdcc_hypot_callee
math/float/math16/c/sdcc/cm16_sdcc_inv
math/float/math16/c/sdcc/cm16_sdcc_invsqrt
math/float/math16/c/sdcc/cm16_sdcc_ldexp
math/float/math16/c/sdcc/cm16_sdcc_ldexp_callee
math/float/math16/c/sdcc/cm16_sdcc_mul
math/float/math16/c/sdcc/cm16_sdcc_mul2
math/float/math16/c/sdcc/cm16_sdcc_mul10
math/float/math16/c/sdcc/cm16_sdcc_mul_callee
math/float/math16/c/sdcc/cm16_sdcc_neg
math/float/math16/c/sdcc/cm16_sdcc_poly
math/float/math16/c/sdcc/cm16_sdcc_poly_callee
math/float/math16/c/sdcc/cm16_sdcc_pow
math/float/math16/c/sdcc/cm16_sdcc_pow_callee
math/float/math16/c/sdcc/cm16_sdcc_read
math/float/math16/c/sdcc/cm16_sdcc_read_callee
math/float/math16/c/sdcc/cm16_sdcc_sqrt
math/float/math16/c/sdcc/cm16_sdcc_sub
math/float/math16/c/sdcc/cm16_sdcc_sub_callee

math/float/math16/c/sdcc/cm16_sdcc___eq_callee
math/float/math16/c/sdcc/cm16_sdcc___gt_callee
math/float/math16/c/sdcc/cm16_sdcc___h2sint
math/float/math16/c/sdcc/cm16_sdcc___h2sint_callee
math/float/math16/c/sdcc/cm16_sdcc___h2slong
math/float/math16/c/sdcc/cm16_sdcc___h2slong_callee
math/float/math16/c/sdcc/cm16_sdcc___h2uint
math/float/math16/c/sdcc/cm16_sdcc___h2uint_callee
math/float/math16/c/sdcc/cm16_sdcc___h2ulong
math/float/math16/c/sdcc/cm16_sdcc___h2ulong_callee
math/float/math16/c/sdcc/cm16_sdcc___lt_callee
math/float/math16/c/sdcc/cm16_sdcc___neq_callee
math/float/math16/c/sdcc/cm16_sdcc___schar2h
math/float/math16/c/sdcc/cm16_sdcc___schar2h_callee
math/float/math16/c/sdcc/cm16_sdcc___sint2h
math/float/math16/c/sdcc/cm16_sdcc___sint2h_callee
math/float/math16/c/sdcc/cm16_sdcc___slong2h
math/float/math16/c/sdcc/cm16_sdcc___slong2h_callee
math/float/math16/c/sdcc/cm16_sdcc___uchar2h
math/float/math16/c/sdcc/cm16_sdcc___uchar2h_callee
math/float/math16/c/sdcc/cm16_sdcc___uint2h
math/float/math16/c/sdcc/cm16_sdcc___uint2h_callee
math/float/math16/c/sdcc/cm16_sdcc___ulong2h
math/float/math16/c/sdcc/cm16_sdcc___ulong2h_callee

@math/float/math16/math16_sccz80_sdcc.lst
