interrupts/im2/obj/${TYPE}/im2_CreateGenericISRLight
interrupts/im2/obj/${TYPE}/im2_CreateGenericISR_callee
interrupts/im2/obj/${TYPE}/im2_Init
interrupts/im2/obj/${TYPE}/im2_RegHookLast_callee
interrupts/im2/obj/${TYPE}/im2_RemoveHook_callee
interrupts/im2/obj/${TYPE}/IM2RemoveHook
interrupts/im2/obj/${TYPE}/im2_RegHookFirst_callee
interrupts/im2/obj/${TYPE}/im2_InstallISR_callee
interrupts/im2/obj/${TYPE}/im2_InstallISR
interrupts/im2/obj/${TYPE}/IM2CreateCommon
interrupts/im2/obj/${TYPE}/im2_CreateGenericISR
interrupts/im2/obj/${TYPE}/im2_RegHookFirst
interrupts/im2/obj/${TYPE}/im2_RegHookLast
interrupts/im2/obj/${TYPE}/im2_RemoveHook
interrupts/im2/obj/${TYPE}/im2_CreateGenericISRLight_callee
interrupts/im2/obj/${TYPE}/im2_EmptyISR
interrupts/common/obj/${TYPE}/asm_interrupt_add_handler
interrupts/common/obj/${TYPE}/tick_count_isr
interrupts/common/obj/${TYPE}/asm_interrupt_handler
interrupts/common/obj/${TYPE}/asm_interrupt_remove_handler
interrupts/im1/obj/${TYPE}/im1_vectors
interrupts/im1/obj/${TYPE}/im1_install_isr
interrupts/im1/obj/${TYPE}/im1_uninstall_isr
interrupts/im1/obj/${TYPE}/im1_init
interrupts/im1/obj/${TYPE}/im1_handler
interrupts/nmi/obj/${TYPE}/nmi_vectors
interrupts/nmi/obj/${TYPE}/nmi_install_isr
interrupts/nmi/obj/${TYPE}/nmi_uninstall_isr
interrupts/nmi/obj/${TYPE}/nmi_init
interrupts/nmi/obj/${TYPE}/nmi_handler
